Archive member included because of file (symbol)

c:/winavr-20100110/bin/../lib/gcc/avr/4.3.3/avr5\libgcc.a(_mulsi3.o)
                              ./i2c.o (__mulsi3)
c:/winavr-20100110/bin/../lib/gcc/avr/4.3.3/avr5\libgcc.a(_udivmodsi4.o)
                              ./uart.o (__udivmodsi4)
c:/winavr-20100110/bin/../lib/gcc/avr/4.3.3/avr5\libgcc.a(_exit.o)
                              c:/winavr-20100110/bin/../lib/gcc/avr/4.3.3/../../../../avr/lib/avr5/crtm16.o (exit)
c:/winavr-20100110/bin/../lib/gcc/avr/4.3.3/avr5\libgcc.a(_copy_data.o)
                              ./main.o (__do_copy_data)
c:/winavr-20100110/bin/../lib/gcc/avr/4.3.3/avr5\libgcc.a(_clear_bss.o)
                              ./main.o (__do_clear_bss)

Memory Configuration

Name             Origin             Length             Attributes
text             0x00000000         0x00020000         xr
data             0x00800060         0x0000ffa0         rw !x
eeprom           0x00810000         0x00010000         rw !x
fuse             0x00820000         0x00000400         rw !x
lock             0x00830000         0x00000400         rw !x
signature        0x00840000         0x00000400         rw !x
*default*        0x00000000         0xffffffff

Linker script and memory map

LOAD c:/winavr-20100110/bin/../lib/gcc/avr/4.3.3/../../../../avr/lib/avr5/crtm16.o
LOAD ./buzzer.o
LOAD ./external_eeprom.o
LOAD ./gpio.o
LOAD ./i2c.o
LOAD ./main.o
LOAD ./motor.o
LOAD ./timer0.o
LOAD ./uart.o
LOAD c:/winavr-20100110/bin/../lib/gcc/avr/4.3.3/avr5\libgcc.a
LOAD c:/winavr-20100110/bin/../lib/gcc/avr/4.3.3/../../../../avr/lib/avr5\libc.a
LOAD c:/winavr-20100110/bin/../lib/gcc/avr/4.3.3/avr5\libgcc.a

.hash
 *(.hash)

.dynsym
 *(.dynsym)

.dynstr
 *(.dynstr)

.gnu.version
 *(.gnu.version)

.gnu.version_d
 *(.gnu.version_d)

.gnu.version_r
 *(.gnu.version_r)

.rel.init
 *(.rel.init)

.rela.init
 *(.rela.init)

.rel.text
 *(.rel.text)
 *(.rel.text.*)
 *(.rel.gnu.linkonce.t*)

.rela.text
 *(.rela.text)
 *(.rela.text.*)
 *(.rela.gnu.linkonce.t*)

.rel.fini
 *(.rel.fini)

.rela.fini
 *(.rela.fini)

.rel.rodata
 *(.rel.rodata)
 *(.rel.rodata.*)
 *(.rel.gnu.linkonce.r*)

.rela.rodata
 *(.rela.rodata)
 *(.rela.rodata.*)
 *(.rela.gnu.linkonce.r*)

.rel.data
 *(.rel.data)
 *(.rel.data.*)
 *(.rel.gnu.linkonce.d*)

.rela.data
 *(.rela.data)
 *(.rela.data.*)
 *(.rela.gnu.linkonce.d*)

.rel.ctors
 *(.rel.ctors)

.rela.ctors
 *(.rela.ctors)

.rel.dtors
 *(.rel.dtors)

.rela.dtors
 *(.rela.dtors)

.rel.got
 *(.rel.got)

.rela.got
 *(.rela.got)

.rel.bss
 *(.rel.bss)

.rela.bss
 *(.rela.bss)

.rel.plt
 *(.rel.plt)

.rela.plt
 *(.rela.plt)

.text           0x00000000     0x151e
 *(.vectors)
 .vectors       0x00000000       0x54 c:/winavr-20100110/bin/../lib/gcc/avr/4.3.3/../../../../avr/lib/avr5/crtm16.o
                0x00000000                __vectors
                0x00000000                __vector_default
 *(.vectors)
 *(.progmem.gcc*)
 *(.progmem*)
                0x00000054                . = ALIGN (0x2)
                0x00000054                __trampolines_start = .
 *(.trampolines)
 .trampolines   0x00000054        0x0 linker stubs
 *(.trampolines*)
                0x00000054                __trampolines_end = .
 *(.jumptables)
 *(.jumptables*)
 *(.lowtext)
 *(.lowtext*)
                0x00000054                __ctors_start = .
 *(.ctors)
                0x00000054                __ctors_end = .
                0x00000054                __dtors_start = .
 *(.dtors)
                0x00000054                __dtors_end = .
 SORT(*)(.ctors)
 SORT(*)(.dtors)
 *(.init0)
 .init0         0x00000054        0x0 c:/winavr-20100110/bin/../lib/gcc/avr/4.3.3/../../../../avr/lib/avr5/crtm16.o
                0x00000054                __init
 *(.init0)
 *(.init1)
 *(.init1)
 *(.init2)
 .init2         0x00000054        0xc c:/winavr-20100110/bin/../lib/gcc/avr/4.3.3/../../../../avr/lib/avr5/crtm16.o
 *(.init2)
 *(.init3)
 *(.init3)
 *(.init4)
 .init4         0x00000060       0x16 c:/winavr-20100110/bin/../lib/gcc/avr/4.3.3/avr5\libgcc.a(_copy_data.o)
                0x00000060                __do_copy_data
 .init4         0x00000076       0x10 c:/winavr-20100110/bin/../lib/gcc/avr/4.3.3/avr5\libgcc.a(_clear_bss.o)
                0x00000076                __do_clear_bss
 *(.init4)
 *(.init5)
 *(.init5)
 *(.init6)
 *(.init6)
 *(.init7)
 *(.init7)
 *(.init8)
 *(.init8)
 *(.init9)
 .init9         0x00000086        0x8 c:/winavr-20100110/bin/../lib/gcc/avr/4.3.3/../../../../avr/lib/avr5/crtm16.o
 *(.init9)
 *(.text)
 .text          0x0000008e        0x4 c:/winavr-20100110/bin/../lib/gcc/avr/4.3.3/../../../../avr/lib/avr5/crtm16.o
                0x0000008e                __vector_1
                0x0000008e                __vector_12
                0x0000008e                __bad_interrupt
                0x0000008e                __vector_6
                0x0000008e                __vector_3
                0x0000008e                __vector_11
                0x0000008e                __vector_13
                0x0000008e                __vector_17
                0x0000008e                __vector_7
                0x0000008e                __vector_5
                0x0000008e                __vector_4
                0x0000008e                __vector_2
                0x0000008e                __vector_15
                0x0000008e                __vector_8
                0x0000008e                __vector_14
                0x0000008e                __vector_10
                0x0000008e                __vector_16
                0x0000008e                __vector_18
                0x0000008e                __vector_20
 .text          0x00000092        0x0 ./buzzer.o
 .text          0x00000092        0x0 ./external_eeprom.o
 .text          0x00000092        0x0 ./gpio.o
 .text          0x00000092        0x0 ./i2c.o
 .text          0x00000092        0x0 ./main.o
 .text          0x00000092        0x0 ./motor.o
 .text          0x00000092        0x0 ./timer0.o
 .text          0x00000092        0x0 ./uart.o
 .text          0x00000092        0x0 c:/winavr-20100110/bin/../lib/gcc/avr/4.3.3/avr5\libgcc.a(_mulsi3.o)
 .text          0x00000092        0x0 c:/winavr-20100110/bin/../lib/gcc/avr/4.3.3/avr5\libgcc.a(_udivmodsi4.o)
 .text          0x00000092        0x0 c:/winavr-20100110/bin/../lib/gcc/avr/4.3.3/avr5\libgcc.a(_exit.o)
 .text          0x00000092        0x0 c:/winavr-20100110/bin/../lib/gcc/avr/4.3.3/avr5\libgcc.a(_copy_data.o)
 .text          0x00000092        0x0 c:/winavr-20100110/bin/../lib/gcc/avr/4.3.3/avr5\libgcc.a(_clear_bss.o)
                0x00000092                . = ALIGN (0x2)
 *(.text.*)
 .text.BUZZER_init
                0x00000092       0x22 ./buzzer.o
                0x00000092                BUZZER_init
 .text.BUZZER_on
                0x000000b4       0x18 ./buzzer.o
                0x000000b4                BUZZER_on
 .text.BUZZER_off
                0x000000cc       0x18 ./buzzer.o
                0x000000cc                BUZZER_off
 .text.EEPROM_writeByte
                0x000000e4       0x82 ./external_eeprom.o
                0x000000e4                EEPROM_writeByte
 .text.EEPROM_readByte
                0x00000166       0xc0 ./external_eeprom.o
                0x00000166                EEPROM_readByte
 .text.GPIO_setupPinDirection
                0x00000226      0x1d6 ./gpio.o
                0x00000226                GPIO_setupPinDirection
 .text.GPIO_writePin
                0x000003fc      0x1d6 ./gpio.o
                0x000003fc                GPIO_writePin
 .text.GPIO_readPin
                0x000005d2      0x136 ./gpio.o
                0x000005d2                GPIO_readPin
 .text.GPIO_setupPortDirection
                0x00000708       0x88 ./gpio.o
                0x00000708                GPIO_setupPortDirection
 .text.GPIO_writePort
                0x00000790       0x88 ./gpio.o
                0x00000790                GPIO_writePort
 .text.GPIO_readPort
                0x00000818       0x8a ./gpio.o
                0x00000818                GPIO_readPort
 .text.TWI_init
                0x000008a2       0x64 ./i2c.o
                0x000008a2                TWI_init
 .text.TWI_start
                0x00000906       0x20 ./i2c.o
                0x00000906                TWI_start
 .text.TWI_stop
                0x00000926       0x16 ./i2c.o
                0x00000926                TWI_stop
 .text.TWI_writeByte
                0x0000093c       0x2e ./i2c.o
                0x0000093c                TWI_writeByte
 .text.TWI_readByteWithACK
                0x0000096a       0x26 ./i2c.o
                0x0000096a                TWI_readByteWithACK
 .text.TWI_readByteWitNACK
                0x00000990       0x26 ./i2c.o
                0x00000990                TWI_readByteWitNACK
 .text.TWI_getStatus
                0x000009b6       0x1e ./i2c.o
                0x000009b6                TWI_getStatus
 .text.BUZZER_ON
                0x000009d4       0x24 ./main.o
                0x000009d4                BUZZER_ON
 .text.BUZZER_ERROR
                0x000009f8       0xa6 ./main.o
                0x000009f8                BUZZER_ERROR
 .text.CHECK_EQUALITY
                0x00000a9e       0x4e ./main.o
                0x00000a9e                CHECK_EQUALITY
 .text.RECIEVE_PASS
                0x00000aec       0x4c ./main.o
                0x00000aec                RECIEVE_PASS
 .text.SEND_RECIEVE
                0x00000b38       0x34 ./main.o
                0x00000b38                SEND_RECIEVE
 .text.EQUALITY_RESPONSE
                0x00000b6c       0x50 ./main.o
                0x00000b6c                EQUALITY_RESPONSE
 .text.SAVE_INSIDE_EEPROM
                0x00000bbc       0x52 ./main.o
                0x00000bbc                SAVE_INSIDE_EEPROM
 .text.CHECK_WITH_EEPROM
                0x00000c0e       0x8a ./main.o
                0x00000c0e                CHECK_WITH_EEPROM
 .text.MOTOR_ON_CW
                0x00000c98       0x26 ./main.o
                0x00000c98                MOTOR_ON_CW
 .text.MOTOR_ON_ACW
                0x00000cbe       0x26 ./main.o
                0x00000cbe                MOTOR_ON_ACW
 .text.MOTOR_OFF
                0x00000ce4       0x26 ./main.o
                0x00000ce4                MOTOR_OFF
 .text.TIMER_CONFIG
                0x00000d0a       0xf2 ./main.o
                0x00000d0a                TIMER_CONFIG
 .text.MAIN_MENU
                0x00000dfc       0xd4 ./main.o
                0x00000dfc                MAIN_MENU
 .text.main     0x00000ed0       0x94 ./main.o
                0x00000ed0                main
 .text.DcMotor_init
                0x00000f64       0x4a ./motor.o
                0x00000f64                DcMotor_init
 .text.DcMotor_Rotate
                0x00000fae       0x84 ./motor.o
                0x00000fae                DcMotor_Rotate
 .text.__vector_19
                0x00001032       0x66 ./timer0.o
                0x00001032                __vector_19
 .text.__vector_9
                0x00001098       0x66 ./timer0.o
                0x00001098                __vector_9
 .text.TIMER0_init
                0x000010fe       0xee ./timer0.o
                0x000010fe                TIMER0_init
 .text.TIMER0_setCallBack
                0x000011ec       0x24 ./timer0.o
                0x000011ec                TIMER0_setCallBack
 .text.TIMER0_DeInit
                0x00001210       0x26 ./timer0.o
                0x00001210                TIMER0_DeInit
 .text.UART_init
                0x00001236      0x13c ./uart.o
                0x00001236                UART_init
 .text.UART_sendByte
                0x00001372       0x2e ./uart.o
                0x00001372                UART_sendByte
 .text.UART_recieveByte
                0x000013a0       0x1e ./uart.o
                0x000013a0                UART_recieveByte
 .text.UART_sendString
                0x000013be       0x54 ./uart.o
                0x000013be                UART_sendString
 .text.UART_recieveString
                0x00001412       0x86 ./uart.o
                0x00001412                UART_recieveString
 .text.libgcc   0x00001498       0x3e c:/winavr-20100110/bin/../lib/gcc/avr/4.3.3/avr5\libgcc.a(_mulsi3.o)
                0x00001498                __mulsi3
 .text.libgcc   0x000014d6       0x44 c:/winavr-20100110/bin/../lib/gcc/avr/4.3.3/avr5\libgcc.a(_udivmodsi4.o)
                0x000014d6                __udivmodsi4
 .text.libgcc   0x0000151a        0x0 c:/winavr-20100110/bin/../lib/gcc/avr/4.3.3/avr5\libgcc.a(_exit.o)
 .text.libgcc   0x0000151a        0x0 c:/winavr-20100110/bin/../lib/gcc/avr/4.3.3/avr5\libgcc.a(_copy_data.o)
 .text.libgcc   0x0000151a        0x0 c:/winavr-20100110/bin/../lib/gcc/avr/4.3.3/avr5\libgcc.a(_clear_bss.o)
                0x0000151a                . = ALIGN (0x2)
 *(.fini9)
 .fini9         0x0000151a        0x0 c:/winavr-20100110/bin/../lib/gcc/avr/4.3.3/avr5\libgcc.a(_exit.o)
                0x0000151a                exit
                0x0000151a                _exit
 *(.fini9)
 *(.fini8)
 *(.fini8)
 *(.fini7)
 *(.fini7)
 *(.fini6)
 *(.fini6)
 *(.fini5)
 *(.fini5)
 *(.fini4)
 *(.fini4)
 *(.fini3)
 *(.fini3)
 *(.fini2)
 *(.fini2)
 *(.fini1)
 *(.fini1)
 *(.fini0)
 .fini0         0x0000151a        0x4 c:/winavr-20100110/bin/../lib/gcc/avr/4.3.3/avr5\libgcc.a(_exit.o)
 *(.fini0)
                0x0000151e                _etext = .

.data           0x00800060       0x14 load address 0x0000151e
                0x00800060                PROVIDE (__data_start, .)
 *(.data)
 .data          0x00800060        0x0 c:/winavr-20100110/bin/../lib/gcc/avr/4.3.3/../../../../avr/lib/avr5/crtm16.o
 .data          0x00800060        0x0 ./buzzer.o
 .data          0x00800060        0x0 ./external_eeprom.o
 .data          0x00800060        0x0 ./gpio.o
 .data          0x00800060        0x0 ./i2c.o
 .data          0x00800060        0x0 ./main.o
 .data          0x00800060        0x0 ./motor.o
 .data          0x00800060        0x0 ./timer0.o
 .data          0x00800060        0x0 ./uart.o
 .data          0x00800060        0x0 c:/winavr-20100110/bin/../lib/gcc/avr/4.3.3/avr5\libgcc.a(_mulsi3.o)
 .data          0x00800060        0x0 c:/winavr-20100110/bin/../lib/gcc/avr/4.3.3/avr5\libgcc.a(_udivmodsi4.o)
 .data          0x00800060        0x0 c:/winavr-20100110/bin/../lib/gcc/avr/4.3.3/avr5\libgcc.a(_exit.o)
 .data          0x00800060        0x0 c:/winavr-20100110/bin/../lib/gcc/avr/4.3.3/avr5\libgcc.a(_copy_data.o)
 .data          0x00800060        0x0 c:/winavr-20100110/bin/../lib/gcc/avr/4.3.3/avr5\libgcc.a(_clear_bss.o)
 *(.data*)
 *(.rodata)
 *(.rodata*)
 .rodata.C.2.1396
                0x00800060        0x6 ./main.o
 .rodata.C.11.1512
                0x00800066        0x6 ./main.o
 .rodata.C.27.1562
                0x0080006c        0x7 ./main.o
 *(.gnu.linkonce.d*)
                0x00800074                . = ALIGN (0x2)
 *fill*         0x00800073        0x1 00
                0x00800074                _edata = .
                0x00800074                PROVIDE (__data_end, .)

.bss            0x00800074        0xf
                0x00800074                PROVIDE (__bss_start, .)
 *(.bss)
 .bss           0x00800074        0x0 c:/winavr-20100110/bin/../lib/gcc/avr/4.3.3/../../../../avr/lib/avr5/crtm16.o
 .bss           0x00800074        0x0 ./buzzer.o
 .bss           0x00800074        0x0 ./external_eeprom.o
 .bss           0x00800074        0x0 ./gpio.o
 .bss           0x00800074        0x0 ./i2c.o
 .bss           0x00800074        0x0 ./main.o
 .bss           0x00800074        0x0 ./motor.o
 .bss           0x00800074        0x0 ./timer0.o
 .bss           0x00800074        0x0 ./uart.o
 .bss           0x00800074        0x0 c:/winavr-20100110/bin/../lib/gcc/avr/4.3.3/avr5\libgcc.a(_mulsi3.o)
 .bss           0x00800074        0x0 c:/winavr-20100110/bin/../lib/gcc/avr/4.3.3/avr5\libgcc.a(_udivmodsi4.o)
 .bss           0x00800074        0x0 c:/winavr-20100110/bin/../lib/gcc/avr/4.3.3/avr5\libgcc.a(_exit.o)
 .bss           0x00800074        0x0 c:/winavr-20100110/bin/../lib/gcc/avr/4.3.3/avr5\libgcc.a(_copy_data.o)
 .bss           0x00800074        0x0 c:/winavr-20100110/bin/../lib/gcc/avr/4.3.3/avr5\libgcc.a(_clear_bss.o)
 *(.bss*)
 .bss.g_pass1   0x00800074        0x5 ./main.o
                0x00800074                g_pass1
 .bss.g_pass2   0x00800079        0x5 ./main.o
                0x00800079                g_pass2
 .bss.g_ticks   0x0080007e        0x2 ./main.o
                0x0080007e                g_ticks
 .bss.g_error   0x00800080        0x1 ./main.o
                0x00800080                g_error
 .bss.g_callBackPtr
                0x00800081        0x2 ./timer0.o
 *(COMMON)
                0x00800083                PROVIDE (__bss_end, .)
                0x0000151e                __data_load_start = LOADADDR (.data)
                0x00001532                __data_load_end = (__data_load_start + SIZEOF (.data))

.noinit         0x00800083        0x0
                0x00800083                PROVIDE (__noinit_start, .)
 *(.noinit*)
                0x00800083                PROVIDE (__noinit_end, .)
                0x00800083                _end = .
                0x00800083                PROVIDE (__heap_start, .)

.eeprom         0x00810000        0x0
 *(.eeprom*)
                0x00810000                __eeprom_end = .

.fuse
 *(.fuse)
 *(.lfuse)
 *(.hfuse)
 *(.efuse)

.lock
 *(.lock*)

.signature
 *(.signature*)

.stab           0x00000000     0x23a0
 *(.stab)
 .stab          0x00000000      0x264 ./buzzer.o
 .stab          0x00000264      0x348 ./external_eeprom.o
                                0x3e4 (size before relaxing)
 .stab          0x000005ac      0x798 ./gpio.o
                                0x870 (size before relaxing)
 .stab          0x00000d44      0x33c ./i2c.o
                                0x5b8 (size before relaxing)
 .stab          0x00001080      0xa80 ./main.o
                                0xcc0 (size before relaxing)
 .stab          0x00001b00      0x228 ./motor.o
                                0x324 (size before relaxing)
 .stab          0x00001d28      0x2d0 ./timer0.o
                                0x594 (size before relaxing)
 .stab          0x00001ff8      0x3a8 ./uart.o
                                0x654 (size before relaxing)

.stabstr        0x00000000     0x138c
 *(.stabstr)
 .stabstr       0x00000000     0x138c ./buzzer.o

.stab.excl
 *(.stab.excl)

.stab.exclstr
 *(.stab.exclstr)

.stab.index
 *(.stab.index)

.stab.indexstr
 *(.stab.indexstr)

.comment
 *(.comment)

.debug
 *(.debug)

.line
 *(.line)

.debug_srcinfo
 *(.debug_srcinfo)

.debug_sfnames
 *(.debug_sfnames)

.debug_aranges
 *(.debug_aranges)

.debug_pubnames
 *(.debug_pubnames)

.debug_info
 *(.debug_info)
 *(.gnu.linkonce.wi.*)

.debug_abbrev
 *(.debug_abbrev)

.debug_line
 *(.debug_line)

.debug_frame
 *(.debug_frame)

.debug_str
 *(.debug_str)

.debug_loc
 *(.debug_loc)

.debug_macinfo
 *(.debug_macinfo)
OUTPUT(MC2.elf elf32-avr)
LOAD linker stubs
